[
    {
        "name": "New Year's Day",
        "date": "2024-01-01"
    },
    {
        "name": "Good Friday",
        "date": "2024-03-29"
    },
    {
        "name": "Victoria Day",
        "date": "2024-05-27"
    },
    {
        "name": "Canada Day",
        "date": "2024-07-01"
    },
    {
        "name": "Labour Day",
        "date": "2024-09-02"
    },
    {
        "name": "Thanksgiving",
        "date": "2024-10-14"
    },
    {
        "name": "Christmas Day",
        "date": "2024-12-25"
    },
    {
        "name": "Boxing Day",
        "date": "2024-12-26"
    }
]