[
    {
        "name": "\u00daj\u00e9v",
        "date": "2024-01-01T00:00:00.000000Z"
    },
    {
        "name": "1848-as forradalom \u00e9vfordul\u00f3ja",
        "date": "2024-03-15T00:00:00.000000Z"
    },
    {
        "name": "Nagyp\u00e9ntek",
        "date": "2024-03-28T23:00:00.000000Z"
    },
    {
        "name": "H\u00fasv\u00e9th\u00e9tf\u0151",
        "date": "2024-03-31T22:00:00.000000Z"
    },
    {
        "name": "A munka \u00fcnnepe",
        "date": "2024-05-01T00:00:00.000000Z"
    },
    {
        "name": "P\u00fcnk\u00f6sdh\u00e9tf\u0151",
        "date": "2024-05-19T22:00:00.000000Z"
    },
    {
        "name": "\u00c1llamalap\u00edt\u00e1s \u00fcnnepe",
        "date": "2024-08-20T00:00:00.000000Z"
    },
    {
        "name": "1956-os forradalom \u00e9vfordul\u00f3ja",
        "date": "2024-10-23T00:00:00.000000Z"
    },
    {
        "name": "Mindenszentek",
        "date": "2024-11-01T00:00:00.000000Z"
    },
    {
        "name": "Kar\u00e1csony",
        "date": "2024-12-25T00:00:00.000000Z"
    },
    {
        "name": "Kar\u00e1csony m\u00e1snapja",
        "date": "2024-12-26T00:00:00.000000Z"
    }
]