{
    "Nieuwjaar": "2023-01-01T15:07:16.000000Z",
    "Dag van de Arbeid": "2023-05-01T15:07:16.000000Z",
    "Nationale Feestdag": "2023-07-21T15:07:16.000000Z",
    "OLV Hemelvaart": "2023-08-15T15:07:16.000000Z",
    "Allerheiligen": "2023-11-01T15:07:16.000000Z",
    "Wapenstilstand": "2023-11-11T15:07:16.000000Z",
    "Kerstmis": "2023-12-25T15:07:16.000000Z",
    "Paasmaandag": "2023-04-09T22:00:00.000000Z",
    "OH Hemelvaart": "2023-05-17T22:00:00.000000Z",
    "Pinkstermaandag": "2023-05-28T22:00:00.000000Z"
}